OpenJDK 64-Bit Server VM (25.402-b06) for linux-amd64 JRE (1.8.0_402-b06), built on Jan 25 2024 15:59:05 by "mockbuild" with gcc 4.8.5 20150623 (Red Hat 4.8.5-44)
Memory: 4k page, physical 32861704k(16020880k free), swap 2097148k(2097148k free)
CommandLine flags: -XX:+CMSClassUnloadingEnabled -XX:CMSInitiatingOccupancyFraction=70 -XX:+CMSParallelRemarkEnabled -XX:GCLogFileSize=104857600 -XX:InitialHeapSize=1073741824 -XX:MaxHeapSize=1073741824 -XX:MaxNewSize=536870912 -XX:NewSize=536870912 -XX:NumberOfGCLogFiles=10 -XX:OldPLABSize=16 -XX:+PrintGC -XX:+PrintGCDateStamps -XX:+PrintGCDetails -XX:+PrintGCTimeStamps -XX:SoftRefLRUPolicyMSPerMB=0 -XX:SurvivorRatio=8 -XX:+UseCMSCompactAtFullCollection -XX:+UseCompressedClassPointers -XX:+UseCompressedOops -XX:+UseConcMarkSweepGC -XX:+UseGCLogFileRotation -XX:+UseParNewGC 
2024-08-12T15:44:51.924+0800: 4.111: [GC (Allocation Failure) 2024-08-12T15:44:51.929+0800: 4.116: [ParNew: 419456K->6196K(471872K), 0.1193542 secs] 419456K->6196K(996160K), 0.1281889 secs] [Times: user=0.23 sys=0.10, real=0.12 secs] 
2024-08-12T15:44:54.129+0800: 6.316: [GC (CMS Initial Mark) [1 CMS-initial-mark: 0K(524288K)] 151910K(996160K), 0.1121569 secs] [Times: user=0.02 sys=0.11, real=0.11 secs] 
2024-08-12T15:44:54.252+0800: 6.439: [CMS-concurrent-mark-start]
2024-08-12T15:44:54.341+0800: 6.529: [CMS-concurrent-mark: 0.086/0.090 secs] [Times: user=0.03 sys=0.08, real=0.09 secs] 
2024-08-12T15:44:54.383+0800: 6.570: [CMS-concurrent-preclean-start]
2024-08-12T15:44:54.383+0800: 6.570: [CMS-concurrent-preclean: 0.000/0.000 secs] [Times: user=0.00 sys=0.00, real=0.00 secs] 
2024-08-12T15:44:54.383+0800: 6.570: [CMS-concurrent-abortable-preclean-start]
2024-08-12T15:44:54.838+0800: 7.025: [GC (Allocation Failure) 2024-08-12T15:44:54.838+0800: 7.025: [ParNew: 425652K->18687K(471872K), 0.0074732 secs] 425652K->18687K(996160K), 0.0075782 secs] [Times: user=0.02 sys=0.02, real=0.01 secs] 
2024-08-12T15:44:55.229+0800: 7.416: [CMS-concurrent-abortable-preclean: 0.369/0.846 secs] [Times: user=2.51 sys=0.46, real=0.84 secs] 
2024-08-12T15:44:55.269+0800: 7.456: [GC (CMS Final Remark) [YG occupancy: 284285 K (471872 K)]2024-08-12T15:44:55.269+0800: 7.456: [Rescan (parallel) , 0.1249621 secs]2024-08-12T15:44:55.396+0800: 7.583: [weak refs processing, 0.0000290 secs]2024-08-12T15:44:55.396+0800: 7.583: [class unloading, 0.0020359 secs]2024-08-12T15:44:55.398+0800: 7.585: [scrub symbol table, 0.0057248 secs]2024-08-12T15:44:55.404+0800: 7.591: [scrub string table, 0.0017935 secs][1 CMS-remark: 0K(524288K)] 284285K(996160K), 0.1367738 secs] [Times: user=0.26 sys=0.14, real=0.14 secs] 
2024-08-12T15:44:55.436+0800: 7.623: [CMS-concurrent-sweep-start]
2024-08-12T15:44:55.436+0800: 7.623: [CMS-concurrent-sweep: 0.000/0.000 secs] [Times: user=0.00 sys=0.00, real=0.00 secs] 
2024-08-12T15:44:55.436+0800: 7.623: [CMS-concurrent-reset-start]
2024-08-12T15:44:55.460+0800: 7.647: [CMS-concurrent-reset: 0.024/0.024 secs] [Times: user=0.02 sys=0.05, real=0.02 secs] 
2024-08-12T15:44:55.709+0800: 7.896: [GC (Allocation Failure) 2024-08-12T15:44:55.709+0800: 7.896: [ParNew: 438143K->21392K(471872K), 0.0327800 secs] 438143K->21392K(996160K), 0.0328555 secs] [Times: user=0.18 sys=0.02, real=0.03 secs] 
2024-08-12T15:44:57.101+0800: 9.288: [GC (Allocation Failure) 2024-08-12T15:44:57.101+0800: 9.288: [ParNew: 440848K->30855K(471872K), 0.0104772 secs] 440848K->30855K(996160K), 0.0105283 secs] [Times: user=0.04 sys=0.00, real=0.01 secs] 
2024-08-12T15:44:59.112+0800: 11.299: [GC (CMS Initial Mark) [1 CMS-initial-mark: 0K(524288K)] 327916K(996160K), 0.0126550 secs] [Times: user=0.06 sys=0.02, real=0.02 secs] 
2024-08-12T15:44:59.125+0800: 11.312: [CMS-concurrent-mark-start]
2024-08-12T15:44:59.126+0800: 11.313: [CMS-concurrent-mark: 0.000/0.000 secs] [Times: user=0.00 sys=0.00, real=0.00 secs] 
2024-08-12T15:44:59.126+0800: 11.313: [CMS-concurrent-preclean-start]
2024-08-12T15:44:59.126+0800: 11.314: [CMS-concurrent-preclean: 0.001/0.001 secs] [Times: user=0.01 sys=0.00, real=0.00 secs] 
2024-08-12T15:44:59.127+0800: 11.314: [CMS-concurrent-abortable-preclean-start]
2024-08-12T15:45:00.915+0800: 13.102: [GC (Allocation Failure) 2024-08-12T15:45:00.915+0800: 13.102: [ParNew: 450311K->45271K(471872K), 0.0818394 secs] 450311K->50539K(996160K), 0.0819407 secs] [Times: user=0.24 sys=0.03, real=0.08 secs] 
2024-08-12T15:45:02.800+0800: 14.988: [CMS-concurrent-abortable-preclean: 2.074/3.674 secs] [Times: user=5.86 sys=2.27, real=3.67 secs] 
2024-08-12T15:45:02.944+0800: 15.131: [GC (CMS Final Remark) [YG occupancy: 275525 K (471872 K)]2024-08-12T15:45:02.944+0800: 15.131: [Rescan (parallel) , 0.1321703 secs]2024-08-12T15:45:03.076+0800: 15.263: [weak refs processing, 0.0000341 secs]2024-08-12T15:45:03.076+0800: 15.264: [class unloading, 0.0166756 secs]2024-08-12T15:45:03.093+0800: 15.280: [scrub symbol table, 0.0199909 secs]2024-08-12T15:45:03.113+0800: 15.300: [scrub string table, 0.0003677 secs][1 CMS-remark: 5268K(524288K)] 280794K(996160K), 0.1697139 secs] [Times: user=0.23 sys=0.27, real=0.16 secs] 
2024-08-12T15:45:03.234+0800: 15.421: [CMS-concurrent-sweep-start]
2024-08-12T15:45:03.329+0800: 15.516: [CMS-concurrent-sweep: 0.021/0.095 secs] [Times: user=0.01 sys=0.08, real=0.10 secs] 
2024-08-12T15:45:03.333+0800: 15.520: [CMS-concurrent-reset-start]
2024-08-12T15:45:03.333+0800: 15.520: [CMS-concurrent-reset: 0.000/0.000 secs] [Times: user=0.00 sys=0.00, real=0.00 secs] 
2024-08-12T15:45:04.229+0800: 16.417: [GC (Allocation Failure) 2024-08-12T15:45:04.229+0800: 16.417: [ParNew: 464727K->52415K(471872K), 0.0429885 secs] 469995K->67432K(996160K), 0.0431060 secs] [Times: user=0.15 sys=0.04, real=0.04 secs] 
2024-08-12T15:45:21.001+0800: 33.188: [GC (Allocation Failure) 2024-08-12T15:45:21.001+0800: 33.189: [ParNew: 471871K->51301K(471872K), 0.0217151 secs] 486888K->77834K(996160K), 0.0218706 secs] [Times: user=0.05 sys=0.01, real=0.03 secs] 
2024-08-12T16:52:46.731+0800: 4078.918: [GC (Allocation Failure) 2024-08-12T16:52:46.731+0800: 4078.918: [ParNew: 470757K->47004K(471872K), 0.4117907 secs] 497290K->80906K(996160K), 0.4119679 secs] [Times: user=0.70 sys=1.16, real=0.41 secs] 
2024-08-12T19:42:25.974+0800: 14258.162: [GC (Allocation Failure) 2024-08-12T19:42:25.974+0800: 14258.162: [ParNew: 466460K->26218K(471872K), 0.5898166 secs] 500362K->77944K(996160K), 0.5939287 secs] [Times: user=0.60 sys=0.67, real=0.59 secs] 
2024-08-12T21:18:30.088+0800: 20022.276: [GC (Allocation Failure) 2024-08-12T21:18:30.089+0800: 20022.276: [ParNew: 445674K->17894K(471872K), 0.3341367 secs] 497400K->69620K(996160K), 0.3525853 secs] [Times: user=0.20 sys=0.58, real=0.35 secs] 
2024-08-12T22:20:24.841+0800: 23737.028: [GC (Allocation Failure) 2024-08-12T22:20:24.841+0800: 23737.028: [ParNew: 437350K->25939K(471872K), 1.1796418 secs] 489076K->77665K(996160K), 1.1800238 secs] [Times: user=1.03 sys=1.68, real=1.18 secs] 
2024-08-12T23:30:04.501+0800: 27916.688: [GC (Allocation Failure) 2024-08-12T23:30:04.501+0800: 27916.688: [ParNew: 445395K->33564K(471872K), 0.0310878 secs] 497121K->85290K(996160K), 0.0312862 secs] [Times: user=0.14 sys=0.00, real=0.03 secs] 
